
> gazete-haber-sayfas-@0.0.0 build
> vite build

[36mvite v7.2.6 [32mbuilding client environment for production...[36m[39m
transforming...
[32mÔ£ô[39m 2676 modules transformed.
node.exe : [31mÔ£ù[
39m Build failed in 5
.84s
At line:1 char:1
+ & "C:\Program Files
\nodejs/node.exe" "C:
\Program Files\nodejs
/node_mo ...
+ ~~~~~~~~~~~~~~~~~~~
~~~~~~~~~~~~~~~~~~~~~
~~~~~~~~~~~~~~~~~~~~~
~~~~~~~~
    + CategoryInfo   
           : NotSpe  
  cified: ([31mÔ£   
 ù[39m Build fai    
led in 5.84s:Str    i
ng) [], RemoteE    xc
eption
    + FullyQualified 
   ErrorId : Native  
  CommandError
 
[31merror during bui
ld:
[31msrc/pages/admin/
NewsListPage.jsx (5:9
): "formatDate" is no
t exported by "src/ut
ils/mappers.js", impo
rted by "src/pages/ad
min/NewsListPage.jsx"
.[31m
file: [36mC:/Users/a
hmet/OneDrive/Masa├╝s
t├╝/haberfoni-github-
/haberfoni-son/src/pa
ges/admin/NewsListPag
e.jsx:5:9[31m
[33m
3: import { FileText,
 Edit2, Trash2, Plus,
 Eye } from 'lucide-r
eact';
4: import { adminServ
ice } from '../../ser
vices/adminService';
5: import { formatDat
e } from '../../utils
/mappers';
            ^
6: 
7: const NewsListPage
 = () => {
[31m
    at getRollupError
 (file:///C:/Users/ah
met/OneDrive/Masa%C3%
BCst%C3%BC/haberfoni-
github-/haberfoni-son
/node_modules/rollup/
dist/es/shared/parseA
st.js:401:41)
    at error (file://
/C:/Users/ahmet/OneDr
ive/Masa%C3%BCst%C3%B
C/haberfoni-github-/h
aberfoni-son/node_mod
ules/rollup/dist/es/s
hared/parseAst.js:397
:42)
    at Module.error (
file:///C:/Users/ahme
t/OneDrive/Masa%C3%BC
st%C3%BC/haberfoni-gi
thub-/haberfoni-son/n
ode_modules/rollup/di
st/es/shared/node-ent
ry.js:16956:16)
    at Module.traceVa
riable (file:///C:/Us
ers/ahmet/OneDrive/Ma
sa%C3%BCst%C3%BC/habe
rfoni-github-/haberfo
ni-son/node_modules/r
ollup/dist/es/shared/
node-entry.js:17412:2
9)
    at ModuleScope.fi
ndVariable (file:///C
:/Users/ahmet/OneDriv
e/Masa%C3%BCst%C3%BC/
haberfoni-github-/hab
erfoni-son/node_modul
es/rollup/dist/es/sha
red/node-entry.js:150
76:39)
    at ReturnValueSco
pe.findVariable (file
:///C:/Users/ahmet/On
eDrive/Masa%C3%BCst%C
3%BC/haberfoni-github
-/haberfoni-son/node_
modules/rollup/dist/e
s/shared/node-entry.j
s:5649:38)
    at FunctionBodySc
ope.findVariable (fil
e:///C:/Users/ahmet/O
neDrive/Masa%C3%BCst%
C3%BC/haberfoni-githu
b-/haberfoni-son/node
_modules/rollup/dist/
es/shared/node-entry.
js:5649:38)
    at ReturnValueSco
pe.findVariable (file
:///C:/Users/ahmet/On
eDrive/Masa%C3%BCst%C
3%BC/haberfoni-github
-/haberfoni-son/node_
modules/rollup/dist/e
s/shared/node-entry.j
s:5649:38)
    at FunctionBodySc
ope.findVariable (fil
e:///C:/Users/ahmet/O
neDrive/Masa%C3%BCst%
C3%BC/haberfoni-githu
b-/haberfoni-son/node
_modules/rollup/dist/
es/shared/node-entry.
js:5649:38)
    at Identifier.bin
d (file:///C:/Users/a
hmet/OneDrive/Masa%C3
%BCst%C3%BC/haberfoni
-github-/haberfoni-so
n/node_modules/rollup
/dist/es/shared/node-
entry.js:5423:40)[39
m
